[INFO] Scanning for projects...
[INFO]
[INFO] -----------------------< br.com.fiap:streamfiap >-----------------------
[INFO] Building streamfiap 0.0.1-SNAPSHOT
[INFO]   from pom.xml
[INFO] --------------------------------[ jar ]---------------------------------
[INFO]
[INFO] --- clean:3.5.0:clean (default-clean) @ streamfiap ---
[INFO] Deleting C:\Users\ansel\Downloads\projeto\streamfiap-bughunt\target
[INFO]
[INFO] --- resources:3.5.0:resources (default-resources) @ streamfiap ---
[INFO] Copying 1 resource from src\main\resources to target\classes
[INFO] Copying 0 resource from src\main\resources to target\classes
[INFO]
[INFO] --- compiler:3.15.0:compile (default-compile) @ streamfiap ---
[INFO] Recompiling the module because of changed source code.
[INFO] Compiling 18 source files with javac [debug parameters release 17] to target\classes
[INFO] /C:/Users/ansel/Downloads/projeto/streamfiap-bughunt/src/main/java/br/com/fiap/streamfiap/exception/GlobalExceptionHandler.java: C:\Users\ansel\Downloads\projeto\streamfiap-bughunt\src\main\java\br\com\fiap\streamfiap\exception\GlobalExceptionHandler.java uses or overrides a deprecated API.
[INFO] /C:/Users/ansel/Downloads/projeto/streamfiap-bughunt/src/main/java/br/com/fiap/streamfiap/exception/GlobalExceptionHandler.java: Recompile with -Xlint:deprecation for details.
[INFO]
[INFO] --- resources:3.5.0:testResources (default-testResources) @ streamfiap ---
[INFO] skip non existing resourceDirectory C:\Users\ansel\Downloads\projeto\streamfiap-bughunt\src\test\resources
[INFO]
[INFO] --- compiler:3.15.0:testCompile (default-testCompile) @ streamfiap ---
[INFO] No sources to compile
[INFO]
[INFO] --- surefire:3.5.6:test (default-test) @ streamfiap ---
[INFO] No tests to run.
[INFO]
[INFO] --- jar:3.5.1:jar (default-jar) @ streamfiap ---
[INFO] Building jar: C:\Users\ansel\Downloads\projeto\streamfiap-bughunt\target\streamfiap-0.0.1-SNAPSHOT.jar
[INFO]
[INFO] --- spring-boot:4.1.1:repackage (repackage) @ streamfiap ---
[INFO] Replacing main artifact C:\Users\ansel\Downloads\projeto\streamfiap-bughunt\target\streamfiap-0.0.1-SNAPSHOT.jar with repackaged archive, adding nested dependencies in BOOT-INF/.
[INFO] The original artifact has been renamed to C:\Users\ansel\Downloads\projeto\streamfiap-bughunt\target\streamfiap-0.0.1-SNAPSHOT.jar.original
[INFO]
[INFO] --- dependency:3.10.0:build-classpath (default-cli) @ streamfiap ---
[INFO] Wrote classpath file 'C:\Users\ansel\Downloads\projeto\streamfiap-bughunt\target\classpath.txt'.
[INFO] ------------------------------------------------------------------------
[INFO] BUILD SUCCESS
[INFO] ------------------------------------------------------------------------
[INFO] Total time:  32.943 s
[INFO] Finished at: 2026-09-07T15:29:13-03:00
[INFO] ------------------------------------------------------------------------
